// Jest Snapshot v1, https://goo.gl/fbAQLP

exports[`Rendering the navbar if the navbar renders correctly 1`] = `
<div
  className="countryDetails"
/>
`;
